// Jest Snapshot v1, https://goo.gl/fbAQLP

exports[`renders correctly 1`] = `
<div
  className="alert alert-warning"
  role="alert"
>
  <strong>
    Error!
  </strong>
   
  msg1
</div>
`;
